\BOOKMARK [0][-]{chapter.1}{\376\377\0001\000\040\000F\000u\000n\000\040\000B\000o\000x\000\040\000C\000o\000l\000l\000e\000c\000t\000i\000o\000n}{}% 1
\BOOKMARK [1][-]{subsection.1.0.1}{\376\377\0001\000.\0000\000.\0001\000\040\000E\000x\000t\000r\000a\000s}{chapter.1}% 2
\BOOKMARK [1][-]{section.1.1}{\376\377\0001\000.\0001\000\040\000Q\000u\000i\000c\000k\000\040\000S\000t\000a\000r\000t}{chapter.1}% 3
\BOOKMARK [2][-]{subsection.1.1.1}{\376\377\0001\000.\0001\000.\0001\000\040\000C\000r\000e\000a\000t\000e\000\040\000b\000u\000i\000l\000d\000\040\000d\000i\000r\000e\000c\000t\000o\000r\000y}{section.1.1}% 4
\BOOKMARK [2][-]{subsection.1.1.2}{\376\377\0001\000.\0001\000.\0002\000\040\000C\000o\000n\000f\000i\000g\000u\000r\000e\000\040\000a\000n\000d\000\040\000b\000u\000i\000l\000d}{section.1.1}% 5
\BOOKMARK [2][-]{subsection.1.1.3}{\376\377\0001\000.\0001\000.\0003\000\040\000R\000u\000n\000\040\000t\000h\000e\000\040\000a\000p\000p\000l\000i\000c\000a\000t\000i\000o\000n}{section.1.1}% 6
\BOOKMARK [1][-]{section.1.2}{\376\377\0001\000.\0002\000\040\000S\000c\000r\000e\000e\000n\000s\000h\000o\000t\000s}{chapter.1}% 7
\BOOKMARK [2][-]{subsection.1.2.1}{\376\377\0001\000.\0002\000.\0001\000\040\000M\000e\000n\000u}{section.1.2}% 8
\BOOKMARK [2][-]{subsection.1.2.2}{\376\377\0001\000.\0002\000.\0002\000\040\000O\000b\000s\000t\000a\000c\000l\000e\000s\000\040\000T\000i\000c\000\040\000T\000a\000c\000\040\000T\000o\000e}{section.1.2}% 9
\BOOKMARK [2][-]{subsection.1.2.3}{\376\377\0001\000.\0002\000.\0003\000\040\000W\000o\000r\000d\000\040\000T\000i\000c\000\040\000T\000a\000c\000\040\000T\000o\000e}{section.1.2}% 10
\BOOKMARK [2][-]{subsection.1.2.4}{\376\377\0001\000.\0002\000.\0004\000\040\000L\000a\000b\000y\000r\000i\000n\000t\000h}{section.1.2}% 11
\BOOKMARK [0][-]{chapter.2}{\376\377\0002\000\040\000H\000i\000e\000r\000a\000r\000c\000h\000i\000c\000a\000l\000\040\000I\000n\000d\000e\000x}{}% 12
\BOOKMARK [1][-]{section.2.1}{\376\377\0002\000.\0001\000\040\000C\000l\000a\000s\000s\000\040\000H\000i\000e\000r\000a\000r\000c\000h\000y}{chapter.2}% 13
\BOOKMARK [0][-]{chapter.3}{\376\377\0003\000\040\000C\000l\000a\000s\000s\000\040\000I\000n\000d\000e\000x}{}% 14
\BOOKMARK [1][-]{section.3.1}{\376\377\0003\000.\0001\000\040\000C\000l\000a\000s\000s\000\040\000L\000i\000s\000t}{chapter.3}% 15
\BOOKMARK [0][-]{chapter.4}{\376\377\0004\000\040\000F\000i\000l\000e\000\040\000I\000n\000d\000e\000x}{}% 16
\BOOKMARK [1][-]{section.4.1}{\376\377\0004\000.\0001\000\040\000F\000i\000l\000e\000\040\000L\000i\000s\000t}{chapter.4}% 17
\BOOKMARK [0][-]{chapter.5}{\376\377\0005\000\040\000C\000l\000a\000s\000s\000\040\000D\000o\000c\000u\000m\000e\000n\000t\000a\000t\000i\000o\000n}{}% 18
\BOOKMARK [1][-]{section.5.1}{\376\377\0005\000.\0001\000\040\000B\000o\000a\000r\000d\000<\000\040\000T\000\040\000>\000\040\000C\000l\000a\000s\000s\000\040\000T\000e\000m\000p\000l\000a\000t\000e\000\040\000R\000e\000f\000e\000r\000e\000n\000c\000e}{chapter.5}% 19
\BOOKMARK [2][-]{subsection.5.1.1}{\376\377\0005\000.\0001\000.\0001\000\040\000D\000e\000t\000a\000i\000l\000e\000d\000\040\000D\000e\000s\000c\000r\000i\000p\000t\000i\000o\000n}{section.5.1}% 20
\BOOKMARK [2][-]{subsection.5.1.2}{\376\377\0005\000.\0001\000.\0002\000\040\000M\000e\000m\000b\000e\000r\000\040\000F\000u\000n\000c\000t\000i\000o\000n\000\040\000D\000o\000c\000u\000m\000e\000n\000t\000a\000t\000i\000o\000n}{section.5.1}% 21
\BOOKMARK [3][-]{subsubsection.5.1.2.1}{\376\377\0005\000.\0001\000.\0002\000.\0001\000\040\000g\000a\000m\000e\000\137\000i\000s\000\137\000o\000v\000e\000r\000\050\000\051}{subsection.5.1.2}% 22
\BOOKMARK [3][-]{subsubsection.5.1.2.2}{\376\377\0005\000.\0001\000.\0002\000.\0002\000\040\000i\000s\000\137\000d\000r\000a\000w\000\050\000\051}{subsection.5.1.2}% 23
\BOOKMARK [3][-]{subsubsection.5.1.2.3}{\376\377\0005\000.\0001\000.\0002\000.\0003\000\040\000i\000s\000\137\000l\000o\000s\000e\000\050\000\051}{subsection.5.1.2}% 24
\BOOKMARK [3][-]{subsubsection.5.1.2.4}{\376\377\0005\000.\0001\000.\0002\000.\0004\000\040\000i\000s\000\137\000w\000i\000n\000\050\000\051}{subsection.5.1.2}% 25
\BOOKMARK [3][-]{subsubsection.5.1.2.5}{\376\377\0005\000.\0001\000.\0002\000.\0005\000\040\000u\000p\000d\000a\000t\000e\000\137\000b\000o\000a\000r\000d\000\050\000\051}{subsection.5.1.2}% 26
\BOOKMARK [1][-]{section.5.2}{\376\377\0005\000.\0002\000\040\000D\000i\000m\000a\000o\000n\000d\000P\000l\000a\000y\000e\000r\000\040\000C\000l\000a\000s\000s\000\040\000R\000e\000f\000e\000r\000e\000n\000c\000e}{chapter.5}% 27
\BOOKMARK [1][-]{section.5.3}{\376\377\0005\000.\0003\000\040\000D\000i\000m\000a\000o\000n\000d\000T\000i\000c\000T\000a\000c\000T\000o\000e\000\137\000B\000o\000a\000r\000d\000\040\000C\000l\000a\000s\000s\000\040\000R\000e\000f\000e\000r\000e\000n\000c\000e}{chapter.5}% 28
\BOOKMARK [2][-]{subsection.5.3.1}{\376\377\0005\000.\0003\000.\0001\000\040\000M\000e\000m\000b\000e\000r\000\040\000F\000u\000n\000c\000t\000i\000o\000n\000\040\000D\000o\000c\000u\000m\000e\000n\000t\000a\000t\000i\000o\000n}{section.5.3}% 29
\BOOKMARK [3][-]{subsubsection.5.3.1.1}{\376\377\0005\000.\0003\000.\0001\000.\0001\000\040\000g\000a\000m\000e\000\137\000i\000s\000\137\000o\000v\000e\000r\000\050\000\051}{subsection.5.3.1}% 30
\BOOKMARK [3][-]{subsubsection.5.3.1.2}{\376\377\0005\000.\0003\000.\0001\000.\0002\000\040\000i\000s\000\137\000d\000r\000a\000w\000\050\000\051}{subsection.5.3.1}% 31
\BOOKMARK [3][-]{subsubsection.5.3.1.3}{\376\377\0005\000.\0003\000.\0001\000.\0003\000\040\000i\000s\000\137\000l\000o\000s\000e\000\050\000\051}{subsection.5.3.1}% 32
\BOOKMARK [3][-]{subsubsection.5.3.1.4}{\376\377\0005\000.\0003\000.\0001\000.\0004\000\040\000i\000s\000\137\000v\000a\000l\000i\000d\000\137\000c\000e\000l\000l\000\050\000\051}{subsection.5.3.1}% 33
\BOOKMARK [3][-]{subsubsection.5.3.1.5}{\376\377\0005\000.\0003\000.\0001\000.\0005\000\040\000i\000s\000\137\000w\000i\000n\000\050\000\051}{subsection.5.3.1}% 34
\BOOKMARK [3][-]{subsubsection.5.3.1.6}{\376\377\0005\000.\0003\000.\0001\000.\0006\000\040\000u\000p\000d\000a\000t\000e\000\137\000b\000o\000a\000r\000d\000\050\000\051}{subsection.5.3.1}% 35
\BOOKMARK [1][-]{section.5.4}{\376\377\0005\000.\0004\000\040\000D\000i\000m\000a\000o\000n\000d\000U\000I\000\040\000C\000l\000a\000s\000s\000\040\000R\000e\000f\000e\000r\000e\000n\000c\000e}{chapter.5}% 36
\BOOKMARK [2][-]{subsection.5.4.1}{\376\377\0005\000.\0004\000.\0001\000\040\000M\000e\000m\000b\000e\000r\000\040\000F\000u\000n\000c\000t\000i\000o\000n\000\040\000D\000o\000c\000u\000m\000e\000n\000t\000a\000t\000i\000o\000n}{section.5.4}% 37
\BOOKMARK [3][-]{subsubsection.5.4.1.1}{\376\377\0005\000.\0004\000.\0001\000.\0001\000\040\000c\000r\000e\000a\000t\000e\000\137\000p\000l\000a\000y\000e\000r\000\050\000\051}{subsection.5.4.1}% 38
\BOOKMARK [3][-]{subsubsection.5.4.1.2}{\376\377\0005\000.\0004\000.\0001\000.\0002\000\040\000g\000e\000t\000\137\000m\000o\000v\000e\000\050\000\051}{subsection.5.4.1}% 39
\BOOKMARK [1][-]{section.5.5}{\376\377\0005\000.\0005\000\040\000F\000o\000u\000r\000B\000y\000F\000o\000u\000r\000\137\000B\000o\000a\000r\000d\000\040\000C\000l\000a\000s\000s\000\040\000R\000e\000f\000e\000r\000e\000n\000c\000e}{chapter.5}% 40
\BOOKMARK [2][-]{subsection.5.5.1}{\376\377\0005\000.\0005\000.\0001\000\040\000M\000e\000m\000b\000e\000r\000\040\000F\000u\000n\000c\000t\000i\000o\000n\000\040\000D\000o\000c\000u\000m\000e\000n\000t\000a\000t\000i\000o\000n}{section.5.5}% 41
\BOOKMARK [3][-]{subsubsection.5.5.1.1}{\376\377\0005\000.\0005\000.\0001\000.\0001\000\040\000g\000a\000m\000e\000\137\000i\000s\000\137\000o\000v\000e\000r\000\050\000\051}{subsection.5.5.1}% 42
\BOOKMARK [3][-]{subsubsection.5.5.1.2}{\376\377\0005\000.\0005\000.\0001\000.\0002\000\040\000i\000s\000\137\000d\000r\000a\000w\000\050\000\051}{subsection.5.5.1}% 43
\BOOKMARK [3][-]{subsubsection.5.5.1.3}{\376\377\0005\000.\0005\000.\0001\000.\0003\000\040\000i\000s\000\137\000l\000o\000s\000e\000\050\000\051}{subsection.5.5.1}% 44
\BOOKMARK [3][-]{subsubsection.5.5.1.4}{\376\377\0005\000.\0005\000.\0001\000.\0004\000\040\000i\000s\000\137\000w\000i\000n\000\050\000\051}{subsection.5.5.1}% 45
\BOOKMARK [3][-]{subsubsection.5.5.1.5}{\376\377\0005\000.\0005\000.\0001\000.\0005\000\040\000u\000p\000d\000a\000t\000e\000\137\000b\000o\000a\000r\000d\000\050\000\051}{subsection.5.5.1}% 46
\BOOKMARK [1][-]{section.5.6}{\376\377\0005\000.\0006\000\040\000F\000o\000u\000r\000B\000y\000F\000o\000u\000r\000\137\000U\000I\000\040\000C\000l\000a\000s\000s\000\040\000R\000e\000f\000e\000r\000e\000n\000c\000e}{chapter.5}% 47
\BOOKMARK [2][-]{subsection.5.6.1}{\376\377\0005\000.\0006\000.\0001\000\040\000C\000o\000n\000s\000t\000r\000u\000c\000t\000o\000r\000\040\000\046\000\040\000D\000e\000s\000t\000r\000u\000c\000t\000o\000r\000\040\000D\000o\000c\000u\000m\000e\000n\000t\000a\000t\000i\000o\000n}{section.5.6}% 48
\BOOKMARK [3][-]{subsubsection.5.6.1.1}{\376\377\0005\000.\0006\000.\0001\000.\0001\000\040\000F\000o\000u\000r\000B\000y\000F\000o\000u\000r\000\137\000U\000I\000\050\000\051}{subsection.5.6.1}% 49
\BOOKMARK [2][-]{subsection.5.6.2}{\376\377\0005\000.\0006\000.\0002\000\040\000M\000e\000m\000b\000e\000r\000\040\000F\000u\000n\000c\000t\000i\000o\000n\000\040\000D\000o\000c\000u\000m\000e\000n\000t\000a\000t\000i\000o\000n}{section.5.6}% 50
\BOOKMARK [3][-]{subsubsection.5.6.2.1}{\376\377\0005\000.\0006\000.\0002\000.\0001\000\040\000c\000r\000e\000a\000t\000e\000\137\000p\000l\000a\000y\000e\000r\000\050\000\051}{subsection.5.6.2}% 51
\BOOKMARK [3][-]{subsubsection.5.6.2.2}{\376\377\0005\000.\0006\000.\0002\000.\0002\000\040\000g\000e\000t\000\137\000m\000o\000v\000e\000\050\000\051}{subsection.5.6.2}% 52
\BOOKMARK [3][-]{subsubsection.5.6.2.3}{\376\377\0005\000.\0006\000.\0002\000.\0003\000\040\000s\000e\000t\000u\000p\000\137\000p\000l\000a\000y\000e\000r\000s\000\050\000\051}{subsection.5.6.2}% 53
\BOOKMARK [1][-]{section.5.7}{\376\377\0005\000.\0007\000\040\000F\000o\000u\000r\000I\000n\000A\000R\000o\000w\000\137\000B\000o\000a\000r\000d\000\040\000C\000l\000a\000s\000s\000\040\000R\000e\000f\000e\000r\000e\000n\000c\000e}{chapter.5}% 54
\BOOKMARK [2][-]{subsection.5.7.1}{\376\377\0005\000.\0007\000.\0001\000\040\000M\000e\000m\000b\000e\000r\000\040\000F\000u\000n\000c\000t\000i\000o\000n\000\040\000D\000o\000c\000u\000m\000e\000n\000t\000a\000t\000i\000o\000n}{section.5.7}% 55
\BOOKMARK [3][-]{subsubsection.5.7.1.1}{\376\377\0005\000.\0007\000.\0001\000.\0001\000\040\000g\000a\000m\000e\000\137\000i\000s\000\137\000o\000v\000e\000r\000\050\000\051}{subsection.5.7.1}% 56
\BOOKMARK [3][-]{subsubsection.5.7.1.2}{\376\377\0005\000.\0007\000.\0001\000.\0002\000\040\000i\000s\000\137\000d\000r\000a\000w\000\050\000\051}{subsection.5.7.1}% 57
\BOOKMARK [3][-]{subsubsection.5.7.1.3}{\376\377\0005\000.\0007\000.\0001\000.\0003\000\040\000i\000s\000\137\000l\000o\000s\000e\000\050\000\051}{subsection.5.7.1}% 58
\BOOKMARK [3][-]{subsubsection.5.7.1.4}{\376\377\0005\000.\0007\000.\0001\000.\0004\000\040\000i\000s\000\137\000w\000i\000n\000\050\000\051}{subsection.5.7.1}% 59
\BOOKMARK [3][-]{subsubsection.5.7.1.5}{\376\377\0005\000.\0007\000.\0001\000.\0005\000\040\000u\000p\000d\000a\000t\000e\000\137\000b\000o\000a\000r\000d\000\050\000\051}{subsection.5.7.1}% 60
\BOOKMARK [1][-]{section.5.8}{\376\377\0005\000.\0008\000\040\000F\000o\000u\000r\000I\000n\000A\000R\000o\000w\000\137\000U\000I\000\040\000C\000l\000a\000s\000s\000\040\000R\000e\000f\000e\000r\000e\000n\000c\000e}{chapter.5}% 61
\BOOKMARK [2][-]{subsection.5.8.1}{\376\377\0005\000.\0008\000.\0001\000\040\000M\000e\000m\000b\000e\000r\000\040\000F\000u\000n\000c\000t\000i\000o\000n\000\040\000D\000o\000c\000u\000m\000e\000n\000t\000a\000t\000i\000o\000n}{section.5.8}% 62
\BOOKMARK [3][-]{subsubsection.5.8.1.1}{\376\377\0005\000.\0008\000.\0001\000.\0001\000\040\000c\000r\000e\000a\000t\000e\000\137\000p\000l\000a\000y\000e\000r\000\050\000\051}{subsection.5.8.1}% 63
\BOOKMARK [3][-]{subsubsection.5.8.1.2}{\376\377\0005\000.\0008\000.\0001\000.\0002\000\040\000g\000e\000t\000\137\000m\000o\000v\000e\000\050\000\051}{subsection.5.8.1}% 64
\BOOKMARK [3][-]{subsubsection.5.8.1.3}{\376\377\0005\000.\0008\000.\0001\000.\0003\000\040\000s\000e\000t\000u\000p\000\137\000p\000l\000a\000y\000e\000r\000s\000\050\000\051}{subsection.5.8.1}% 65
\BOOKMARK [1][-]{section.5.9}{\376\377\0005\000.\0009\000\040\000G\000a\000m\000e\000M\000a\000n\000a\000g\000e\000r\000<\000\040\000T\000\040\000>\000\040\000C\000l\000a\000s\000s\000\040\000T\000e\000m\000p\000l\000a\000t\000e\000\040\000R\000e\000f\000e\000r\000e\000n\000c\000e}{chapter.5}% 66
\BOOKMARK [2][-]{subsection.5.9.1}{\376\377\0005\000.\0009\000.\0001\000\040\000D\000e\000t\000a\000i\000l\000e\000d\000\040\000D\000e\000s\000c\000r\000i\000p\000t\000i\000o\000n}{section.5.9}% 67
\BOOKMARK [1][-]{section.5.10}{\376\377\0005\000.\0001\0000\000\040\000I\000n\000f\000i\000n\000i\000t\000y\000\137\000T\000i\000c\000T\000a\000c\000T\000o\000e\000\137\000B\000o\000a\000r\000d\000\040\000C\000l\000a\000s\000s\000\040\000R\000e\000f\000e\000r\000e\000n\000c\000e}{chapter.5}% 68
\BOOKMARK [2][-]{subsection.5.10.1}{\376\377\0005\000.\0001\0000\000.\0001\000\040\000D\000e\000t\000a\000i\000l\000e\000d\000\040\000D\000e\000s\000c\000r\000i\000p\000t\000i\000o\000n}{section.5.10}% 69
\BOOKMARK [2][-]{subsection.5.10.2}{\376\377\0005\000.\0001\0000\000.\0002\000\040\000C\000o\000n\000s\000t\000r\000u\000c\000t\000o\000r\000\040\000\046\000\040\000D\000e\000s\000t\000r\000u\000c\000t\000o\000r\000\040\000D\000o\000c\000u\000m\000e\000n\000t\000a\000t\000i\000o\000n}{section.5.10}% 70
\BOOKMARK [3][-]{subsubsection.5.10.2.1}{\376\377\0005\000.\0001\0000\000.\0002\000.\0001\000\040\000I\000n\000f\000i\000n\000i\000t\000y\000\137\000T\000i\000c\000T\000a\000c\000T\000o\000e\000\137\000B\000o\000a\000r\000d\000\050\000\051}{subsection.5.10.2}% 71
\BOOKMARK [2][-]{subsection.5.10.3}{\376\377\0005\000.\0001\0000\000.\0003\000\040\000M\000e\000m\000b\000e\000r\000\040\000F\000u\000n\000c\000t\000i\000o\000n\000\040\000D\000o\000c\000u\000m\000e\000n\000t\000a\000t\000i\000o\000n}{section.5.10}% 72
\BOOKMARK [3][-]{subsubsection.5.10.3.1}{\376\377\0005\000.\0001\0000\000.\0003\000.\0001\000\040\000g\000a\000m\000e\000\137\000i\000s\000\137\000o\000v\000e\000r\000\050\000\051}{subsection.5.10.3}% 73
\BOOKMARK [3][-]{subsubsection.5.10.3.2}{\376\377\0005\000.\0001\0000\000.\0003\000.\0002\000\040\000i\000s\000\137\000d\000r\000a\000w\000\050\000\051}{subsection.5.10.3}% 74
\BOOKMARK [3][-]{subsubsection.5.10.3.3}{\376\377\0005\000.\0001\0000\000.\0003\000.\0003\000\040\000i\000s\000\137\000l\000o\000s\000e\000\050\000\051}{subsection.5.10.3}% 75
\BOOKMARK [3][-]{subsubsection.5.10.3.4}{\376\377\0005\000.\0001\0000\000.\0003\000.\0004\000\040\000i\000s\000\137\000w\000i\000n\000\050\000\051}{subsection.5.10.3}% 76
\BOOKMARK [3][-]{subsubsection.5.10.3.5}{\376\377\0005\000.\0001\0000\000.\0003\000.\0005\000\040\000u\000p\000d\000a\000t\000e\000\137\000b\000o\000a\000r\000d\000\050\000\051}{subsection.5.10.3}% 77
\BOOKMARK [1][-]{section.5.11}{\376\377\0005\000.\0001\0001\000\040\000I\000n\000f\000i\000n\000i\000t\000y\000\137\000T\000i\000c\000T\000a\000c\000T\000o\000e\000\137\000P\000l\000a\000y\000e\000r\000\040\000C\000l\000a\000s\000s\000\040\000R\000e\000f\000e\000r\000e\000n\000c\000e}{chapter.5}% 78
\BOOKMARK [1][-]{section.5.12}{\376\377\0005\000.\0001\0002\000\040\000I\000n\000f\000i\000n\000i\000t\000y\000\137\000T\000i\000c\000T\000a\000c\000T\000o\000e\000\137\000U\000I\000\040\000C\000l\000a\000s\000s\000\040\000R\000e\000f\000e\000r\000e\000n\000c\000e}{chapter.5}% 79
\BOOKMARK [2][-]{subsection.5.12.1}{\376\377\0005\000.\0001\0002\000.\0001\000\040\000D\000e\000t\000a\000i\000l\000e\000d\000\040\000D\000e\000s\000c\000r\000i\000p\000t\000i\000o\000n}{section.5.12}% 80
\BOOKMARK [2][-]{subsection.5.12.2}{\376\377\0005\000.\0001\0002\000.\0002\000\040\000M\000e\000m\000b\000e\000r\000\040\000F\000u\000n\000c\000t\000i\000o\000n\000\040\000D\000o\000c\000u\000m\000e\000n\000t\000a\000t\000i\000o\000n}{section.5.12}% 81
\BOOKMARK [3][-]{subsubsection.5.12.2.1}{\376\377\0005\000.\0001\0002\000.\0002\000.\0001\000\040\000c\000r\000e\000a\000t\000e\000\137\000p\000l\000a\000y\000e\000r\000\050\000\051}{subsection.5.12.2}% 82
\BOOKMARK [3][-]{subsubsection.5.12.2.2}{\376\377\0005\000.\0001\0002\000.\0002\000.\0002\000\040\000g\000e\000t\000\137\000m\000o\000v\000e\000\050\000\051}{subsection.5.12.2}% 83
\BOOKMARK [1][-]{section.5.13}{\376\377\0005\000.\0001\0003\000\040\000M\000e\000m\000o\000r\000y\000T\000i\000c\000T\000a\000c\000T\000o\000e\000B\000o\000a\000r\000d\000\040\000C\000l\000a\000s\000s\000\040\000R\000e\000f\000e\000r\000e\000n\000c\000e}{chapter.5}% 84
\BOOKMARK [2][-]{subsection.5.13.1}{\376\377\0005\000.\0001\0003\000.\0001\000\040\000D\000e\000t\000a\000i\000l\000e\000d\000\040\000D\000e\000s\000c\000r\000i\000p\000t\000i\000o\000n}{section.5.13}% 85
\BOOKMARK [2][-]{subsection.5.13.2}{\376\377\0005\000.\0001\0003\000.\0002\000\040\000M\000e\000m\000b\000e\000r\000\040\000F\000u\000n\000c\000t\000i\000o\000n\000\040\000D\000o\000c\000u\000m\000e\000n\000t\000a\000t\000i\000o\000n}{section.5.13}% 86
\BOOKMARK [3][-]{subsubsection.5.13.2.1}{\376\377\0005\000.\0001\0003\000.\0002\000.\0001\000\040\000d\000i\000s\000p\000l\000a\000y\000\137\000w\000i\000n\000n\000e\000r\000\050\000\051}{subsection.5.13.2}% 87
\BOOKMARK [3][-]{subsubsection.5.13.2.2}{\376\377\0005\000.\0001\0003\000.\0002\000.\0002\000\040\000g\000a\000m\000e\000\137\000i\000s\000\137\000o\000v\000e\000r\000\050\000\051}{subsection.5.13.2}% 88
\BOOKMARK [3][-]{subsubsection.5.13.2.3}{\376\377\0005\000.\0001\0003\000.\0002\000.\0003\000\040\000i\000s\000\137\000d\000r\000a\000w\000\050\000\051}{subsection.5.13.2}% 89
\BOOKMARK [3][-]{subsubsection.5.13.2.4}{\376\377\0005\000.\0001\0003\000.\0002\000.\0004\000\040\000i\000s\000\137\000l\000o\000s\000e\000\050\000\051}{subsection.5.13.2}% 90
\BOOKMARK [3][-]{subsubsection.5.13.2.5}{\376\377\0005\000.\0001\0003\000.\0002\000.\0005\000\040\000i\000s\000\137\000w\000i\000n\000\050\000\051}{subsection.5.13.2}% 91
\BOOKMARK [3][-]{subsubsection.5.13.2.6}{\376\377\0005\000.\0001\0003\000.\0002\000.\0006\000\040\000u\000p\000d\000a\000t\000e\000\137\000b\000o\000a\000r\000d\000\050\000\051}{subsection.5.13.2}% 92
\BOOKMARK [1][-]{section.5.14}{\376\377\0005\000.\0001\0004\000\040\000M\000e\000m\000o\000r\000y\000T\000i\000c\000T\000a\000c\000T\000o\000e\000U\000I\000\040\000C\000l\000a\000s\000s\000\040\000R\000e\000f\000e\000r\000e\000n\000c\000e}{chapter.5}% 93
\BOOKMARK [2][-]{subsection.5.14.1}{\376\377\0005\000.\0001\0004\000.\0001\000\040\000D\000e\000t\000a\000i\000l\000e\000d\000\040\000D\000e\000s\000c\000r\000i\000p\000t\000i\000o\000n}{section.5.14}% 94
\BOOKMARK [2][-]{subsection.5.14.2}{\376\377\0005\000.\0001\0004\000.\0002\000\040\000M\000e\000m\000b\000e\000r\000\040\000F\000u\000n\000c\000t\000i\000o\000n\000\040\000D\000o\000c\000u\000m\000e\000n\000t\000a\000t\000i\000o\000n}{section.5.14}% 95
\BOOKMARK [3][-]{subsubsection.5.14.2.1}{\376\377\0005\000.\0001\0004\000.\0002\000.\0001\000\040\000c\000r\000e\000a\000t\000e\000\137\000p\000l\000a\000y\000e\000r\000\050\000\051}{subsection.5.14.2}% 96
\BOOKMARK [3][-]{subsubsection.5.14.2.2}{\376\377\0005\000.\0001\0004\000.\0002\000.\0002\000\040\000g\000e\000t\000\137\000m\000o\000v\000e\000\050\000\051}{subsection.5.14.2}% 97
\BOOKMARK [1][-]{section.5.15}{\376\377\0005\000.\0001\0005\000\040\000M\000e\000n\000u\000\040\000C\000l\000a\000s\000s\000\040\000R\000e\000f\000e\000r\000e\000n\000c\000e}{chapter.5}% 98
\BOOKMARK [1][-]{section.5.16}{\376\377\0005\000.\0001\0006\000\040\000M\000i\000n\000i\000\137\000B\000o\000a\000r\000d\000\040\000C\000l\000a\000s\000s\000\040\000R\000e\000f\000e\000r\000e\000n\000c\000e}{chapter.5}% 99
\BOOKMARK [2][-]{subsection.5.16.1}{\376\377\0005\000.\0001\0006\000.\0001\000\040\000C\000o\000n\000s\000t\000r\000u\000c\000t\000o\000r\000\040\000\046\000\040\000D\000e\000s\000t\000r\000u\000c\000t\000o\000r\000\040\000D\000o\000c\000u\000m\000e\000n\000t\000a\000t\000i\000o\000n}{section.5.16}% 100
\BOOKMARK [3][-]{subsubsection.5.16.1.1}{\376\377\0005\000.\0001\0006\000.\0001\000.\0001\000\040\000M\000i\000n\000i\000\137\000B\000o\000a\000r\000d\000\050\000\051}{subsection.5.16.1}% 101
\BOOKMARK [2][-]{subsection.5.16.2}{\376\377\0005\000.\0001\0006\000.\0002\000\040\000M\000e\000m\000b\000e\000r\000\040\000F\000u\000n\000c\000t\000i\000o\000n\000\040\000D\000o\000c\000u\000m\000e\000n\000t\000a\000t\000i\000o\000n}{section.5.16}% 102
\BOOKMARK [3][-]{subsubsection.5.16.2.1}{\376\377\0005\000.\0001\0006\000.\0002\000.\0001\000\040\000g\000a\000m\000e\000\137\000i\000s\000\137\000o\000v\000e\000r\000\050\000\051}{subsection.5.16.2}% 103
\BOOKMARK [3][-]{subsubsection.5.16.2.2}{\376\377\0005\000.\0001\0006\000.\0002\000.\0002\000\040\000g\000e\000t\000\137\000w\000i\000n\000n\000e\000r\000\050\000\051}{subsection.5.16.2}% 104
\BOOKMARK [3][-]{subsubsection.5.16.2.3}{\376\377\0005\000.\0001\0006\000.\0002\000.\0003\000\040\000i\000s\000\137\000d\000e\000c\000i\000d\000e\000d\000\050\000\051}{subsection.5.16.2}% 105
\BOOKMARK [3][-]{subsubsection.5.16.2.4}{\376\377\0005\000.\0001\0006\000.\0002\000.\0004\000\040\000i\000s\000\137\000d\000r\000a\000w\000\050\000\051}{subsection.5.16.2}% 106
\BOOKMARK [3][-]{subsubsection.5.16.2.5}{\376\377\0005\000.\0001\0006\000.\0002\000.\0005\000\040\000i\000s\000\137\000l\000o\000s\000e\000\050\000\051}{subsection.5.16.2}% 107
\BOOKMARK [3][-]{subsubsection.5.16.2.6}{\376\377\0005\000.\0001\0006\000.\0002\000.\0006\000\040\000i\000s\000\137\000w\000i\000n\000\050\000\051}{subsection.5.16.2}% 108
\BOOKMARK [3][-]{subsubsection.5.16.2.7}{\376\377\0005\000.\0001\0006\000.\0002\000.\0007\000\040\000s\000e\000t\000\137\000w\000i\000n\000n\000e\000r\000\050\000\051}{subsection.5.16.2}% 109
\BOOKMARK [3][-]{subsubsection.5.16.2.8}{\376\377\0005\000.\0001\0006\000.\0002\000.\0008\000\040\000u\000p\000d\000a\000t\000e\000\137\000b\000o\000a\000r\000d\000\050\000\051}{subsection.5.16.2}% 110
\BOOKMARK [1][-]{section.5.17}{\376\377\0005\000.\0001\0007\000\040\000M\000i\000n\000i\000\137\000U\000I\000\040\000C\000l\000a\000s\000s\000\040\000R\000e\000f\000e\000r\000e\000n\000c\000e}{chapter.5}% 111
\BOOKMARK [2][-]{subsection.5.17.1}{\376\377\0005\000.\0001\0007\000.\0001\000\040\000M\000e\000m\000b\000e\000r\000\040\000F\000u\000n\000c\000t\000i\000o\000n\000\040\000D\000o\000c\000u\000m\000e\000n\000t\000a\000t\000i\000o\000n}{section.5.17}% 112
\BOOKMARK [3][-]{subsubsection.5.17.1.1}{\376\377\0005\000.\0001\0007\000.\0001\000.\0001\000\040\000c\000r\000e\000a\000t\000e\000\137\000p\000l\000a\000y\000e\000r\000\050\000\051}{subsection.5.17.1}% 113
\BOOKMARK [3][-]{subsubsection.5.17.1.2}{\376\377\0005\000.\0001\0007\000.\0001\000.\0002\000\040\000g\000e\000t\000\137\000m\000o\000v\000e\000\050\000\051}{subsection.5.17.1}% 114
\BOOKMARK [1][-]{section.5.18}{\376\377\0005\000.\0001\0008\000\040\000M\000i\000s\000e\000r\000e\000A\000I\000P\000l\000a\000y\000e\000r\000\040\000C\000l\000a\000s\000s\000\040\000R\000e\000f\000e\000r\000e\000n\000c\000e}{chapter.5}% 115
\BOOKMARK [1][-]{section.5.19}{\376\377\0005\000.\0001\0009\000\040\000M\000i\000s\000e\000r\000e\000P\000l\000a\000y\000e\000r\000\040\000C\000l\000a\000s\000s\000\040\000R\000e\000f\000e\000r\000e\000n\000c\000e}{chapter.5}% 116
\BOOKMARK [1][-]{section.5.20}{\376\377\0005\000.\0002\0000\000\040\000M\000i\000s\000e\000r\000e\000T\000i\000c\000T\000a\000c\000T\000o\000e\000B\000o\000a\000r\000d\000\040\000C\000l\000a\000s\000s\000\040\000R\000e\000f\000e\000r\000e\000n\000c\000e}{chapter.5}% 117
\BOOKMARK [2][-]{subsection.5.20.1}{\376\377\0005\000.\0002\0000\000.\0001\000\040\000D\000e\000t\000a\000i\000l\000e\000d\000\040\000D\000e\000s\000c\000r\000i\000p\000t\000i\000o\000n}{section.5.20}% 118
\BOOKMARK [2][-]{subsection.5.20.2}{\376\377\0005\000.\0002\0000\000.\0002\000\040\000C\000o\000n\000s\000t\000r\000u\000c\000t\000o\000r\000\040\000\046\000\040\000D\000e\000s\000t\000r\000u\000c\000t\000o\000r\000\040\000D\000o\000c\000u\000m\000e\000n\000t\000a\000t\000i\000o\000n}{section.5.20}% 119
\BOOKMARK [3][-]{subsubsection.5.20.2.1}{\376\377\0005\000.\0002\0000\000.\0002\000.\0001\000\040\000M\000i\000s\000e\000r\000e\000T\000i\000c\000T\000a\000c\000T\000o\000e\000B\000o\000a\000r\000d\000\050\000\051}{subsection.5.20.2}% 120
\BOOKMARK [2][-]{subsection.5.20.3}{\376\377\0005\000.\0002\0000\000.\0003\000\040\000M\000e\000m\000b\000e\000r\000\040\000F\000u\000n\000c\000t\000i\000o\000n\000\040\000D\000o\000c\000u\000m\000e\000n\000t\000a\000t\000i\000o\000n}{section.5.20}% 121
\BOOKMARK [3][-]{subsubsection.5.20.3.1}{\376\377\0005\000.\0002\0000\000.\0003\000.\0001\000\040\000g\000a\000m\000e\000\137\000i\000s\000\137\000o\000v\000e\000r\000\050\000\051}{subsection.5.20.3}% 122
\BOOKMARK [3][-]{subsubsection.5.20.3.2}{\376\377\0005\000.\0002\0000\000.\0003\000.\0002\000\040\000i\000s\000\137\000d\000r\000a\000w\000\050\000\051}{subsection.5.20.3}% 123
\BOOKMARK [3][-]{subsubsection.5.20.3.3}{\376\377\0005\000.\0002\0000\000.\0003\000.\0003\000\040\000i\000s\000\137\000l\000o\000s\000e\000\050\000\051}{subsection.5.20.3}% 124
\BOOKMARK [3][-]{subsubsection.5.20.3.4}{\376\377\0005\000.\0002\0000\000.\0003\000.\0004\000\040\000i\000s\000\137\000w\000i\000n\000\050\000\051}{subsection.5.20.3}% 125
\BOOKMARK [3][-]{subsubsection.5.20.3.5}{\376\377\0005\000.\0002\0000\000.\0003\000.\0005\000\040\000u\000p\000d\000a\000t\000e\000\137\000b\000o\000a\000r\000d\000\050\000\051}{subsection.5.20.3}% 126
\BOOKMARK [1][-]{section.5.21}{\376\377\0005\000.\0002\0001\000\040\000M\000i\000s\000e\000r\000e\000T\000i\000c\000T\000a\000c\000T\000o\000e\000U\000I\000\040\000C\000l\000a\000s\000s\000\040\000R\000e\000f\000e\000r\000e\000n\000c\000e}{chapter.5}% 127
\BOOKMARK [2][-]{subsection.5.21.1}{\376\377\0005\000.\0002\0001\000.\0001\000\040\000D\000e\000t\000a\000i\000l\000e\000d\000\040\000D\000e\000s\000c\000r\000i\000p\000t\000i\000o\000n}{section.5.21}% 128
\BOOKMARK [2][-]{subsection.5.21.2}{\376\377\0005\000.\0002\0001\000.\0002\000\040\000M\000e\000m\000b\000e\000r\000\040\000F\000u\000n\000c\000t\000i\000o\000n\000\040\000D\000o\000c\000u\000m\000e\000n\000t\000a\000t\000i\000o\000n}{section.5.21}% 129
\BOOKMARK [3][-]{subsubsection.5.21.2.1}{\376\377\0005\000.\0002\0001\000.\0002\000.\0001\000\040\000c\000r\000e\000a\000t\000e\000\137\000p\000l\000a\000y\000e\000r\000\050\000\051}{subsection.5.21.2}% 130
\BOOKMARK [3][-]{subsubsection.5.21.2.2}{\376\377\0005\000.\0002\0001\000.\0002\000.\0002\000\040\000g\000e\000t\000\137\000m\000o\000v\000e\000\050\000\051}{subsection.5.21.2}% 131
\BOOKMARK [3][-]{subsubsection.5.21.2.3}{\376\377\0005\000.\0002\0001\000.\0002\000.\0003\000\040\000s\000e\000t\000u\000p\000\137\000p\000l\000a\000y\000e\000r\000s\000\050\000\051}{subsection.5.21.2}% 132
\BOOKMARK [1][-]{section.5.22}{\376\377\0005\000.\0002\0002\000\040\000M\000o\000v\000e\000<\000\040\000T\000\040\000>\000\040\000C\000l\000a\000s\000s\000\040\000T\000e\000m\000p\000l\000a\000t\000e\000\040\000R\000e\000f\000e\000r\000e\000n\000c\000e}{chapter.5}% 133
\BOOKMARK [2][-]{subsection.5.22.1}{\376\377\0005\000.\0002\0002\000.\0001\000\040\000D\000e\000t\000a\000i\000l\000e\000d\000\040\000D\000e\000s\000c\000r\000i\000p\000t\000i\000o\000n}{section.5.22}% 134
\BOOKMARK [1][-]{section.5.23}{\376\377\0005\000.\0002\0003\000\040\000N\000u\000m\000e\000r\000i\000c\000a\000l\000T\000i\000c\000T\000a\000c\000T\000o\000e\000\137\000B\000o\000a\000r\000d\000\040\000C\000l\000a\000s\000s\000\040\000R\000e\000f\000e\000r\000e\000n\000c\000e}{chapter.5}% 135
\BOOKMARK [2][-]{subsection.5.23.1}{\376\377\0005\000.\0002\0003\000.\0001\000\040\000D\000e\000t\000a\000i\000l\000e\000d\000\040\000D\000e\000s\000c\000r\000i\000p\000t\000i\000o\000n}{section.5.23}% 136
\BOOKMARK [2][-]{subsection.5.23.2}{\376\377\0005\000.\0002\0003\000.\0002\000\040\000M\000e\000m\000b\000e\000r\000\040\000F\000u\000n\000c\000t\000i\000o\000n\000\040\000D\000o\000c\000u\000m\000e\000n\000t\000a\000t\000i\000o\000n}{section.5.23}% 137
\BOOKMARK [3][-]{subsubsection.5.23.2.1}{\376\377\0005\000.\0002\0003\000.\0002\000.\0001\000\040\000c\000a\000l\000c\000u\000l\000a\000t\000e\000\137\000s\000c\000o\000r\000e\000\050\000\051}{subsection.5.23.2}% 138
\BOOKMARK [3][-]{subsubsection.5.23.2.2}{\376\377\0005\000.\0002\0003\000.\0002\000.\0002\000\040\000c\000h\000e\000c\000k\000\137\000s\000u\000m\000\137\0001\0005\000\050\000\051}{subsection.5.23.2}% 139
\BOOKMARK [3][-]{subsubsection.5.23.2.3}{\376\377\0005\000.\0002\0003\000.\0002\000.\0003\000\040\000g\000a\000m\000e\000\137\000i\000s\000\137\000o\000v\000e\000r\000\050\000\051}{subsection.5.23.2}% 140
\BOOKMARK [3][-]{subsubsection.5.23.2.4}{\376\377\0005\000.\0002\0003\000.\0002\000.\0004\000\040\000g\000e\000t\000\137\000c\000e\000l\000l\000\050\000\051}{subsection.5.23.2}% 141
\BOOKMARK [3][-]{subsubsection.5.23.2.5}{\376\377\0005\000.\0002\0003\000.\0002\000.\0005\000\040\000i\000s\000\137\000d\000r\000a\000w\000\050\000\051}{subsection.5.23.2}% 142
\BOOKMARK [3][-]{subsubsection.5.23.2.6}{\376\377\0005\000.\0002\0003\000.\0002\000.\0006\000\040\000i\000s\000\137\000l\000o\000s\000e\000\050\000\051}{subsection.5.23.2}% 143
\BOOKMARK [3][-]{subsubsection.5.23.2.7}{\376\377\0005\000.\0002\0003\000.\0002\000.\0007\000\040\000i\000s\000\137\000u\000s\000e\000d\000\050\000\051}{subsection.5.23.2}% 144
\BOOKMARK [3][-]{subsubsection.5.23.2.8}{\376\377\0005\000.\0002\0003\000.\0002\000.\0008\000\040\000i\000s\000\137\000v\000a\000l\000i\000d\000\137\000n\000u\000m\000b\000e\000r\000\050\000\051}{subsection.5.23.2}% 145
\BOOKMARK [3][-]{subsubsection.5.23.2.9}{\376\377\0005\000.\0002\0003\000.\0002\000.\0009\000\040\000i\000s\000\137\000w\000i\000n\000\050\000\051}{subsection.5.23.2}% 146
\BOOKMARK [3][-]{subsubsection.5.23.2.10}{\376\377\0005\000.\0002\0003\000.\0002\000.\0001\0000\000\040\000u\000p\000d\000a\000t\000e\000\137\000b\000o\000a\000r\000d\000\050\000\051}{subsection.5.23.2}% 147
\BOOKMARK [1][-]{section.5.24}{\376\377\0005\000.\0002\0004\000\040\000N\000u\000m\000e\000r\000i\000c\000a\000l\000T\000i\000c\000T\000a\000c\000T\000o\000e\000\137\000U\000I\000\040\000C\000l\000a\000s\000s\000\040\000R\000e\000f\000e\000r\000e\000n\000c\000e}{chapter.5}% 148
\BOOKMARK [2][-]{subsection.5.24.1}{\376\377\0005\000.\0002\0004\000.\0001\000\040\000D\000e\000t\000a\000i\000l\000e\000d\000\040\000D\000e\000s\000c\000r\000i\000p\000t\000i\000o\000n}{section.5.24}% 149
\BOOKMARK [2][-]{subsection.5.24.2}{\376\377\0005\000.\0002\0004\000.\0002\000\040\000M\000e\000m\000b\000e\000r\000\040\000F\000u\000n\000c\000t\000i\000o\000n\000\040\000D\000o\000c\000u\000m\000e\000n\000t\000a\000t\000i\000o\000n}{section.5.24}% 150
\BOOKMARK [3][-]{subsubsection.5.24.2.1}{\376\377\0005\000.\0002\0004\000.\0002\000.\0001\000\040\000c\000r\000e\000a\000t\000e\000\137\000p\000l\000a\000y\000e\000r\000\050\000\051}{subsection.5.24.2}% 151
\BOOKMARK [3][-]{subsubsection.5.24.2.2}{\376\377\0005\000.\0002\0004\000.\0002\000.\0002\000\040\000g\000e\000t\000\137\000m\000o\000v\000e\000\050\000\051}{subsection.5.24.2}% 152
\BOOKMARK [3][-]{subsubsection.5.24.2.3}{\376\377\0005\000.\0002\0004\000.\0002\000.\0003\000\040\000s\000e\000t\000u\000p\000\137\000p\000l\000a\000y\000e\000r\000s\000\050\000\051}{subsection.5.24.2}% 153
\BOOKMARK [1][-]{section.5.25}{\376\377\0005\000.\0002\0005\000\040\000O\000b\000s\000t\000a\000c\000l\000e\000s\000T\000i\000c\000T\000a\000c\000T\000o\000e\000B\000o\000a\000r\000d\000\040\000C\000l\000a\000s\000s\000\040\000R\000e\000f\000e\000r\000e\000n\000c\000e}{chapter.5}% 154
\BOOKMARK [2][-]{subsection.5.25.1}{\376\377\0005\000.\0002\0005\000.\0001\000\040\000D\000e\000t\000a\000i\000l\000e\000d\000\040\000D\000e\000s\000c\000r\000i\000p\000t\000i\000o\000n}{section.5.25}% 155
\BOOKMARK [2][-]{subsection.5.25.2}{\376\377\0005\000.\0002\0005\000.\0002\000\040\000C\000o\000n\000s\000t\000r\000u\000c\000t\000o\000r\000\040\000\046\000\040\000D\000e\000s\000t\000r\000u\000c\000t\000o\000r\000\040\000D\000o\000c\000u\000m\000e\000n\000t\000a\000t\000i\000o\000n}{section.5.25}% 156
\BOOKMARK [3][-]{subsubsection.5.25.2.1}{\376\377\0005\000.\0002\0005\000.\0002\000.\0001\000\040\000O\000b\000s\000t\000a\000c\000l\000e\000s\000T\000i\000c\000T\000a\000c\000T\000o\000e\000B\000o\000a\000r\000d\000\050\000\051}{subsection.5.25.2}% 157
\BOOKMARK [2][-]{subsection.5.25.3}{\376\377\0005\000.\0002\0005\000.\0003\000\040\000M\000e\000m\000b\000e\000r\000\040\000F\000u\000n\000c\000t\000i\000o\000n\000\040\000D\000o\000c\000u\000m\000e\000n\000t\000a\000t\000i\000o\000n}{section.5.25}% 158
\BOOKMARK [3][-]{subsubsection.5.25.3.1}{\376\377\0005\000.\0002\0005\000.\0003\000.\0001\000\040\000d\000i\000s\000p\000l\000a\000y\000\137\000w\000i\000n\000n\000e\000r\000\050\000\051}{subsection.5.25.3}% 159
\BOOKMARK [3][-]{subsubsection.5.25.3.2}{\376\377\0005\000.\0002\0005\000.\0003\000.\0002\000\040\000g\000a\000m\000e\000\137\000i\000s\000\137\000o\000v\000e\000r\000\050\000\051}{subsection.5.25.3}% 160
\BOOKMARK [3][-]{subsubsection.5.25.3.3}{\376\377\0005\000.\0002\0005\000.\0003\000.\0003\000\040\000i\000s\000\137\000d\000r\000a\000w\000\050\000\051}{subsection.5.25.3}% 161
\BOOKMARK [3][-]{subsubsection.5.25.3.4}{\376\377\0005\000.\0002\0005\000.\0003\000.\0004\000\040\000i\000s\000\137\000l\000o\000s\000e\000\050\000\051}{subsection.5.25.3}% 162
\BOOKMARK [3][-]{subsubsection.5.25.3.5}{\376\377\0005\000.\0002\0005\000.\0003\000.\0005\000\040\000i\000s\000\137\000w\000i\000n\000\050\000\051}{subsection.5.25.3}% 163
\BOOKMARK [3][-]{subsubsection.5.25.3.6}{\376\377\0005\000.\0002\0005\000.\0003\000.\0006\000\040\000u\000p\000d\000a\000t\000e\000\137\000b\000o\000a\000r\000d\000\050\000\051}{subsection.5.25.3}% 164
\BOOKMARK [1][-]{section.5.26}{\376\377\0005\000.\0002\0006\000\040\000O\000b\000s\000t\000a\000c\000l\000e\000s\000T\000i\000c\000T\000a\000c\000T\000o\000e\000U\000I\000\040\000C\000l\000a\000s\000s\000\040\000R\000e\000f\000e\000r\000e\000n\000c\000e}{chapter.5}% 165
\BOOKMARK [2][-]{subsection.5.26.1}{\376\377\0005\000.\0002\0006\000.\0001\000\040\000D\000e\000t\000a\000i\000l\000e\000d\000\040\000D\000e\000s\000c\000r\000i\000p\000t\000i\000o\000n}{section.5.26}% 166
\BOOKMARK [2][-]{subsection.5.26.2}{\376\377\0005\000.\0002\0006\000.\0002\000\040\000M\000e\000m\000b\000e\000r\000\040\000F\000u\000n\000c\000t\000i\000o\000n\000\040\000D\000o\000c\000u\000m\000e\000n\000t\000a\000t\000i\000o\000n}{section.5.26}% 167
\BOOKMARK [3][-]{subsubsection.5.26.2.1}{\376\377\0005\000.\0002\0006\000.\0002\000.\0001\000\040\000c\000r\000e\000a\000t\000e\000\137\000p\000l\000a\000y\000e\000r\000\050\000\051}{subsection.5.26.2}% 168
\BOOKMARK [3][-]{subsubsection.5.26.2.2}{\376\377\0005\000.\0002\0006\000.\0002\000.\0002\000\040\000g\000e\000t\000\137\000m\000o\000v\000e\000\050\000\051}{subsection.5.26.2}% 169
\BOOKMARK [1][-]{section.5.27}{\376\377\0005\000.\0002\0007\000\040\000P\000l\000a\000y\000e\000r\000<\000\040\000T\000\040\000>\000\040\000C\000l\000a\000s\000s\000\040\000T\000e\000m\000p\000l\000a\000t\000e\000\040\000R\000e\000f\000e\000r\000e\000n\000c\000e}{chapter.5}% 170
\BOOKMARK [2][-]{subsection.5.27.1}{\376\377\0005\000.\0002\0007\000.\0001\000\040\000D\000e\000t\000a\000i\000l\000e\000d\000\040\000D\000e\000s\000c\000r\000i\000p\000t\000i\000o\000n}{section.5.27}% 171
\BOOKMARK [1][-]{section.5.28}{\376\377\0005\000.\0002\0008\000\040\000P\000y\000r\000a\000m\000i\000d\000\137\000B\000o\000a\000r\000d\000\040\000C\000l\000a\000s\000s\000\040\000R\000e\000f\000e\000r\000e\000n\000c\000e}{chapter.5}% 172
\BOOKMARK [2][-]{subsection.5.28.1}{\376\377\0005\000.\0002\0008\000.\0001\000\040\000C\000o\000n\000s\000t\000r\000u\000c\000t\000o\000r\000\040\000\046\000\040\000D\000e\000s\000t\000r\000u\000c\000t\000o\000r\000\040\000D\000o\000c\000u\000m\000e\000n\000t\000a\000t\000i\000o\000n}{section.5.28}% 173
\BOOKMARK [3][-]{subsubsection.5.28.1.1}{\376\377\0005\000.\0002\0008\000.\0001\000.\0001\000\040\000P\000y\000r\000a\000m\000i\000d\000\137\000B\000o\000a\000r\000d\000\050\000\051}{subsection.5.28.1}% 174
\BOOKMARK [2][-]{subsection.5.28.2}{\376\377\0005\000.\0002\0008\000.\0002\000\040\000M\000e\000m\000b\000e\000r\000\040\000F\000u\000n\000c\000t\000i\000o\000n\000\040\000D\000o\000c\000u\000m\000e\000n\000t\000a\000t\000i\000o\000n}{section.5.28}% 175
\BOOKMARK [3][-]{subsubsection.5.28.2.1}{\376\377\0005\000.\0002\0008\000.\0002\000.\0001\000\040\000g\000a\000m\000e\000\137\000i\000s\000\137\000o\000v\000e\000r\000\050\000\051}{subsection.5.28.2}% 176
\BOOKMARK [3][-]{subsubsection.5.28.2.2}{\376\377\0005\000.\0002\0008\000.\0002\000.\0002\000\040\000i\000s\000\137\000d\000r\000a\000w\000\050\000\051}{subsection.5.28.2}% 177
\BOOKMARK [3][-]{subsubsection.5.28.2.3}{\376\377\0005\000.\0002\0008\000.\0002\000.\0003\000\040\000i\000s\000\137\000l\000o\000s\000e\000\050\000\051}{subsection.5.28.2}% 178
\BOOKMARK [3][-]{subsubsection.5.28.2.4}{\376\377\0005\000.\0002\0008\000.\0002\000.\0004\000\040\000i\000s\000\137\000w\000i\000n\000\050\000\051}{subsection.5.28.2}% 179
\BOOKMARK [3][-]{subsubsection.5.28.2.5}{\376\377\0005\000.\0002\0008\000.\0002\000.\0005\000\040\000u\000p\000d\000a\000t\000e\000\137\000b\000o\000a\000r\000d\000\050\000\051}{subsection.5.28.2}% 180
\BOOKMARK [2][-]{subsection.5.28.3}{\376\377\0005\000.\0002\0008\000.\0003\000\040\000F\000r\000i\000e\000n\000d\000s\000\040\000A\000n\000d\000\040\000R\000e\000l\000a\000t\000e\000d\000\040\000S\000y\000m\000b\000o\000l\000\040\000D\000o\000c\000u\000m\000e\000n\000t\000a\000t\000i\000o\000n}{section.5.28}% 181
\BOOKMARK [3][-]{subsubsection.5.28.3.1}{\376\377\0005\000.\0002\0008\000.\0003\000.\0001\000\040\000i\000n\000i\000t\000P\000r\000i\000n\000t\000a\000b\000l\000e\000L\000o\000c\000a\000t\000i\000o\000n\000s}{subsection.5.28.3}% 182
\BOOKMARK [3][-]{subsubsection.5.28.3.2}{\376\377\0005\000.\0002\0008\000.\0003\000.\0002\000\040\000i\000s\000P\000r\000i\000n\000t\000a\000b\000l\000e}{subsection.5.28.3}% 183
\BOOKMARK [1][-]{section.5.29}{\376\377\0005\000.\0002\0009\000\040\000P\000y\000r\000a\000m\000i\000d\000\137\000U\000I\000\040\000C\000l\000a\000s\000s\000\040\000R\000e\000f\000e\000r\000e\000n\000c\000e}{chapter.5}% 184
\BOOKMARK [2][-]{subsection.5.29.1}{\376\377\0005\000.\0002\0009\000.\0001\000\040\000C\000o\000n\000s\000t\000r\000u\000c\000t\000o\000r\000\040\000\046\000\040\000D\000e\000s\000t\000r\000u\000c\000t\000o\000r\000\040\000D\000o\000c\000u\000m\000e\000n\000t\000a\000t\000i\000o\000n}{section.5.29}% 185
\BOOKMARK [3][-]{subsubsection.5.29.1.1}{\376\377\0005\000.\0002\0009\000.\0001\000.\0001\000\040\000P\000y\000r\000a\000m\000i\000d\000\137\000U\000I\000\050\000\051}{subsection.5.29.1}% 186
\BOOKMARK [2][-]{subsection.5.29.2}{\376\377\0005\000.\0002\0009\000.\0002\000\040\000M\000e\000m\000b\000e\000r\000\040\000F\000u\000n\000c\000t\000i\000o\000n\000\040\000D\000o\000c\000u\000m\000e\000n\000t\000a\000t\000i\000o\000n}{section.5.29}% 187
\BOOKMARK [3][-]{subsubsection.5.29.2.1}{\376\377\0005\000.\0002\0009\000.\0002\000.\0001\000\040\000c\000r\000e\000a\000t\000e\000\137\000p\000l\000a\000y\000e\000r\000\050\000\051}{subsection.5.29.2}% 188
\BOOKMARK [3][-]{subsubsection.5.29.2.2}{\376\377\0005\000.\0002\0009\000.\0002\000.\0002\000\040\000g\000e\000t\000\137\000m\000o\000v\000e\000\050\000\051}{subsection.5.29.2}% 189
\BOOKMARK [3][-]{subsubsection.5.29.2.3}{\376\377\0005\000.\0002\0009\000.\0002\000.\0003\000\040\000s\000e\000t\000u\000p\000\137\000p\000l\000a\000y\000e\000r\000s\000\050\000\051}{subsection.5.29.2}% 190
\BOOKMARK [1][-]{section.5.30}{\376\377\0005\000.\0003\0000\000\040\000S\000U\000S\000\137\000B\000o\000a\000r\000d\000\040\000C\000l\000a\000s\000s\000\040\000R\000e\000f\000e\000r\000e\000n\000c\000e}{chapter.5}% 191
\BOOKMARK [2][-]{subsection.5.30.1}{\376\377\0005\000.\0003\0000\000.\0001\000\040\000D\000e\000t\000a\000i\000l\000e\000d\000\040\000D\000e\000s\000c\000r\000i\000p\000t\000i\000o\000n}{section.5.30}% 192
\BOOKMARK [2][-]{subsection.5.30.2}{\376\377\0005\000.\0003\0000\000.\0002\000\040\000M\000e\000m\000b\000e\000r\000\040\000F\000u\000n\000c\000t\000i\000o\000n\000\040\000D\000o\000c\000u\000m\000e\000n\000t\000a\000t\000i\000o\000n}{section.5.30}% 193
\BOOKMARK [3][-]{subsubsection.5.30.2.1}{\376\377\0005\000.\0003\0000\000.\0002\000.\0001\000\040\000c\000a\000l\000c\000u\000l\000a\000t\000e\000\137\000s\000c\000o\000r\000e\000\050\000\051}{subsection.5.30.2}% 194
\BOOKMARK [3][-]{subsubsection.5.30.2.2}{\376\377\0005\000.\0003\0000\000.\0002\000.\0002\000\040\000g\000a\000m\000e\000\137\000i\000s\000\137\000o\000v\000e\000r\000\050\000\051}{subsection.5.30.2}% 195
\BOOKMARK [3][-]{subsubsection.5.30.2.3}{\376\377\0005\000.\0003\0000\000.\0002\000.\0003\000\040\000i\000s\000\137\000d\000r\000a\000w\000\050\000\051}{subsection.5.30.2}% 196
\BOOKMARK [3][-]{subsubsection.5.30.2.4}{\376\377\0005\000.\0003\0000\000.\0002\000.\0004\000\040\000i\000s\000\137\000l\000o\000s\000e\000\050\000\051}{subsection.5.30.2}% 197
\BOOKMARK [3][-]{subsubsection.5.30.2.5}{\376\377\0005\000.\0003\0000\000.\0002\000.\0005\000\040\000i\000s\000\137\000w\000i\000n\000\050\000\051}{subsection.5.30.2}% 198
\BOOKMARK [3][-]{subsubsection.5.30.2.6}{\376\377\0005\000.\0003\0000\000.\0002\000.\0006\000\040\000u\000p\000d\000a\000t\000e\000\137\000b\000o\000a\000r\000d\000\050\000\051}{subsection.5.30.2}% 199
\BOOKMARK [1][-]{section.5.31}{\376\377\0005\000.\0003\0001\000\040\000S\000U\000S\000\137\000U\000I\000\040\000C\000l\000a\000s\000s\000\040\000R\000e\000f\000e\000r\000e\000n\000c\000e}{chapter.5}% 200
\BOOKMARK [2][-]{subsection.5.31.1}{\376\377\0005\000.\0003\0001\000.\0001\000\040\000D\000e\000t\000a\000i\000l\000e\000d\000\040\000D\000e\000s\000c\000r\000i\000p\000t\000i\000o\000n}{section.5.31}% 201
\BOOKMARK [2][-]{subsection.5.31.2}{\376\377\0005\000.\0003\0001\000.\0002\000\040\000M\000e\000m\000b\000e\000r\000\040\000F\000u\000n\000c\000t\000i\000o\000n\000\040\000D\000o\000c\000u\000m\000e\000n\000t\000a\000t\000i\000o\000n}{section.5.31}% 202
\BOOKMARK [3][-]{subsubsection.5.31.2.1}{\376\377\0005\000.\0003\0001\000.\0002\000.\0001\000\040\000c\000r\000e\000a\000t\000e\000\137\000p\000l\000a\000y\000e\000r\000\050\000\051}{subsection.5.31.2}% 203
\BOOKMARK [3][-]{subsubsection.5.31.2.2}{\376\377\0005\000.\0003\0001\000.\0002\000.\0002\000\040\000g\000e\000t\000\137\000m\000o\000v\000e\000\050\000\051}{subsection.5.31.2}% 204
\BOOKMARK [3][-]{subsubsection.5.31.2.3}{\376\377\0005\000.\0003\0001\000.\0002\000.\0003\000\040\000s\000e\000t\000u\000p\000\137\000p\000l\000a\000y\000e\000r\000s\000\050\000\051}{subsection.5.31.2}% 205
\BOOKMARK [1][-]{section.5.32}{\376\377\0005\000.\0003\0002\000\040\000T\000i\000c\000T\000a\000c\000T\000o\000e\0005\000x\0005\000\137\000A\000I\000P\000l\000a\000y\000e\000r\000\040\000C\000l\000a\000s\000s\000\040\000R\000e\000f\000e\000r\000e\000n\000c\000e}{chapter.5}% 206
\BOOKMARK [1][-]{section.5.33}{\376\377\0005\000.\0003\0003\000\040\000T\000i\000c\000T\000a\000c\000T\000o\000e\0005\000x\0005\000\137\000B\000o\000a\000r\000d\000\040\000C\000l\000a\000s\000s\000\040\000R\000e\000f\000e\000r\000e\000n\000c\000e}{chapter.5}% 207
\BOOKMARK [2][-]{subsection.5.33.1}{\376\377\0005\000.\0003\0003\000.\0001\000\040\000D\000e\000t\000a\000i\000l\000e\000d\000\040\000D\000e\000s\000c\000r\000i\000p\000t\000i\000o\000n}{section.5.33}% 208
\BOOKMARK [2][-]{subsection.5.33.2}{\376\377\0005\000.\0003\0003\000.\0002\000\040\000M\000e\000m\000b\000e\000r\000\040\000F\000u\000n\000c\000t\000i\000o\000n\000\040\000D\000o\000c\000u\000m\000e\000n\000t\000a\000t\000i\000o\000n}{section.5.33}% 209
\BOOKMARK [3][-]{subsubsection.5.33.2.1}{\376\377\0005\000.\0003\0003\000.\0002\000.\0001\000\040\000e\000n\000d\000\050\000\051}{subsection.5.33.2}% 210
\BOOKMARK [3][-]{subsubsection.5.33.2.2}{\376\377\0005\000.\0003\0003\000.\0002\000.\0002\000\040\000g\000a\000m\000e\000\137\000i\000s\000\137\000o\000v\000e\000r\000\050\000\051}{subsection.5.33.2}% 211
\BOOKMARK [3][-]{subsubsection.5.33.2.3}{\376\377\0005\000.\0003\0003\000.\0002\000.\0003\000\040\000i\000s\000\137\000d\000r\000a\000w\000\050\000\051}{subsection.5.33.2}% 212
\BOOKMARK [3][-]{subsubsection.5.33.2.4}{\376\377\0005\000.\0003\0003\000.\0002\000.\0004\000\040\000i\000s\000\137\000l\000o\000s\000e\000\050\000\051}{subsection.5.33.2}% 213
\BOOKMARK [3][-]{subsubsection.5.33.2.5}{\376\377\0005\000.\0003\0003\000.\0002\000.\0005\000\040\000i\000s\000\137\000w\000i\000n\000\050\000\051}{subsection.5.33.2}% 214
\BOOKMARK [3][-]{subsubsection.5.33.2.6}{\376\377\0005\000.\0003\0003\000.\0002\000.\0006\000\040\000u\000p\000d\000a\000t\000e\000\137\000b\000o\000a\000r\000d\000\050\000\051}{subsection.5.33.2}% 215
\BOOKMARK [1][-]{section.5.34}{\376\377\0005\000.\0003\0004\000\040\000T\000i\000c\000T\000a\000c\000T\000o\000e\0005\000x\0005\000\137\000U\000I\000\040\000C\000l\000a\000s\000s\000\040\000R\000e\000f\000e\000r\000e\000n\000c\000e}{chapter.5}% 216
\BOOKMARK [2][-]{subsection.5.34.1}{\376\377\0005\000.\0003\0004\000.\0001\000\040\000D\000e\000t\000a\000i\000l\000e\000d\000\040\000D\000e\000s\000c\000r\000i\000p\000t\000i\000o\000n}{section.5.34}% 217
\BOOKMARK [2][-]{subsection.5.34.2}{\376\377\0005\000.\0003\0004\000.\0002\000\040\000M\000e\000m\000b\000e\000r\000\040\000F\000u\000n\000c\000t\000i\000o\000n\000\040\000D\000o\000c\000u\000m\000e\000n\000t\000a\000t\000i\000o\000n}{section.5.34}% 218
\BOOKMARK [3][-]{subsubsection.5.34.2.1}{\376\377\0005\000.\0003\0004\000.\0002\000.\0001\000\040\000c\000r\000e\000a\000t\000e\000\137\000p\000l\000a\000y\000e\000r\000\050\000\051}{subsection.5.34.2}% 219
\BOOKMARK [3][-]{subsubsection.5.34.2.2}{\376\377\0005\000.\0003\0004\000.\0002\000.\0002\000\040\000g\000e\000t\000\137\000m\000o\000v\000e\000\050\000\051}{subsection.5.34.2}% 220
\BOOKMARK [3][-]{subsubsection.5.34.2.3}{\376\377\0005\000.\0003\0004\000.\0002\000.\0003\000\040\000s\000e\000t\000u\000p\000\137\000p\000l\000a\000y\000e\000r\000s\000\050\000\051}{subsection.5.34.2}% 221
\BOOKMARK [1][-]{section.5.35}{\376\377\0005\000.\0003\0005\000\040\000T\000o\000k\000e\000n\000\040\000C\000l\000a\000s\000s\000\040\000R\000e\000f\000e\000r\000e\000n\000c\000e}{chapter.5}% 222
\BOOKMARK [1][-]{section.5.36}{\376\377\0005\000.\0003\0006\000\040\000U\000I\000<\000\040\000T\000\040\000>\000\040\000C\000l\000a\000s\000s\000\040\000T\000e\000m\000p\000l\000a\000t\000e\000\040\000R\000e\000f\000e\000r\000e\000n\000c\000e}{chapter.5}% 223
\BOOKMARK [2][-]{subsection.5.36.1}{\376\377\0005\000.\0003\0006\000.\0001\000\040\000D\000e\000t\000a\000i\000l\000e\000d\000\040\000D\000e\000s\000c\000r\000i\000p\000t\000i\000o\000n}{section.5.36}% 224
\BOOKMARK [2][-]{subsection.5.36.2}{\376\377\0005\000.\0003\0006\000.\0002\000\040\000M\000e\000m\000b\000e\000r\000\040\000F\000u\000n\000c\000t\000i\000o\000n\000\040\000D\000o\000c\000u\000m\000e\000n\000t\000a\000t\000i\000o\000n}{section.5.36}% 225
\BOOKMARK [3][-]{subsubsection.5.36.2.1}{\376\377\0005\000.\0003\0006\000.\0002\000.\0001\000\040\000c\000r\000e\000a\000t\000e\000\137\000p\000l\000a\000y\000e\000r\000\050\000\051}{subsection.5.36.2}% 226
\BOOKMARK [3][-]{subsubsection.5.36.2.2}{\376\377\0005\000.\0003\0006\000.\0002\000.\0002\000\040\000g\000e\000t\000\137\000m\000o\000v\000e\000\050\000\051}{subsection.5.36.2}% 227
\BOOKMARK [3][-]{subsubsection.5.36.2.3}{\376\377\0005\000.\0003\0006\000.\0002\000.\0003\000\040\000s\000e\000t\000u\000p\000\137\000p\000l\000a\000y\000e\000r\000s\000\050\000\051}{subsection.5.36.2}% 228
\BOOKMARK [1][-]{section.5.37}{\376\377\0005\000.\0003\0007\000\040\000U\000l\000t\000i\000m\000a\000t\000e\000\137\000B\000o\000a\000r\000d\000\040\000C\000l\000a\000s\000s\000\040\000R\000e\000f\000e\000r\000e\000n\000c\000e}{chapter.5}% 229
\BOOKMARK [2][-]{subsection.5.37.1}{\376\377\0005\000.\0003\0007\000.\0001\000\040\000C\000o\000n\000s\000t\000r\000u\000c\000t\000o\000r\000\040\000\046\000\040\000D\000e\000s\000t\000r\000u\000c\000t\000o\000r\000\040\000D\000o\000c\000u\000m\000e\000n\000t\000a\000t\000i\000o\000n}{section.5.37}% 230
\BOOKMARK [3][-]{subsubsection.5.37.1.1}{\376\377\0005\000.\0003\0007\000.\0001\000.\0001\000\040\000U\000l\000t\000i\000m\000a\000t\000e\000\137\000B\000o\000a\000r\000d\000\050\000\051}{subsection.5.37.1}% 231
\BOOKMARK [3][-]{subsubsection.5.37.1.2}{\376\377\0005\000.\0003\0007\000.\0001\000.\0002\000\040\000~\000U\000l\000t\000i\000m\000a\000t\000e\000\137\000B\000o\000a\000r\000d\000\050\000\051}{subsection.5.37.1}% 232
\BOOKMARK [2][-]{subsection.5.37.2}{\376\377\0005\000.\0003\0007\000.\0002\000\040\000M\000e\000m\000b\000e\000r\000\040\000F\000u\000n\000c\000t\000i\000o\000n\000\040\000D\000o\000c\000u\000m\000e\000n\000t\000a\000t\000i\000o\000n}{section.5.37}% 233
\BOOKMARK [3][-]{subsubsection.5.37.2.1}{\376\377\0005\000.\0003\0007\000.\0002\000.\0001\000\040\000g\000a\000m\000e\000\137\000i\000s\000\137\000o\000v\000e\000r\000\050\000\051}{subsection.5.37.2}% 234
\BOOKMARK [3][-]{subsubsection.5.37.2.2}{\376\377\0005\000.\0003\0007\000.\0002\000.\0002\000\040\000g\000e\000t\000A\000c\000t\000i\000v\000e\000M\000i\000n\000i\000C\000o\000l\000\050\000\051}{subsection.5.37.2}% 235
\BOOKMARK [3][-]{subsubsection.5.37.2.3}{\376\377\0005\000.\0003\0007\000.\0002\000.\0003\000\040\000g\000e\000t\000A\000c\000t\000i\000v\000e\000M\000i\000n\000i\000R\000o\000w\000\050\000\051}{subsection.5.37.2}% 236
\BOOKMARK [3][-]{subsubsection.5.37.2.4}{\376\377\0005\000.\0003\0007\000.\0002\000.\0004\000\040\000g\000e\000t\000M\000e\000t\000a\000B\000o\000a\000r\000d\000C\000e\000l\000l\000\050\000\051}{subsection.5.37.2}% 237
\BOOKMARK [3][-]{subsubsection.5.37.2.5}{\376\377\0005\000.\0003\0007\000.\0002\000.\0005\000\040\000g\000e\000t\000M\000i\000n\000i\000B\000o\000a\000r\000d\000\050\000\051}{subsection.5.37.2}% 238
\BOOKMARK [3][-]{subsubsection.5.37.2.6}{\376\377\0005\000.\0003\0007\000.\0002\000.\0006\000\040\000i\000s\000\137\000d\000r\000a\000w\000\050\000\051}{subsection.5.37.2}% 239
\BOOKMARK [3][-]{subsubsection.5.37.2.7}{\376\377\0005\000.\0003\0007\000.\0002\000.\0007\000\040\000i\000s\000\137\000l\000o\000s\000e\000\050\000\051}{subsection.5.37.2}% 240
\BOOKMARK [3][-]{subsubsection.5.37.2.8}{\376\377\0005\000.\0003\0007\000.\0002\000.\0008\000\040\000i\000s\000\137\000w\000i\000n\000\050\000\051}{subsection.5.37.2}% 241
\BOOKMARK [3][-]{subsubsection.5.37.2.9}{\376\377\0005\000.\0003\0007\000.\0002\000.\0009\000\040\000u\000p\000d\000a\000t\000e\000\137\000b\000o\000a\000r\000d\000\050\000\051}{subsection.5.37.2}% 242
\BOOKMARK [1][-]{section.5.38}{\376\377\0005\000.\0003\0008\000\040\000U\000l\000t\000i\000m\000a\000t\000e\000\137\000U\000I\000\040\000C\000l\000a\000s\000s\000\040\000R\000e\000f\000e\000r\000e\000n\000c\000e}{chapter.5}% 243
\BOOKMARK [2][-]{subsection.5.38.1}{\376\377\0005\000.\0003\0008\000.\0001\000\040\000C\000o\000n\000s\000t\000r\000u\000c\000t\000o\000r\000\040\000\046\000\040\000D\000e\000s\000t\000r\000u\000c\000t\000o\000r\000\040\000D\000o\000c\000u\000m\000e\000n\000t\000a\000t\000i\000o\000n}{section.5.38}% 244
\BOOKMARK [3][-]{subsubsection.5.38.1.1}{\376\377\0005\000.\0003\0008\000.\0001\000.\0001\000\040\000U\000l\000t\000i\000m\000a\000t\000e\000\137\000U\000I\000\050\000\051}{subsection.5.38.1}% 245
\BOOKMARK [2][-]{subsection.5.38.2}{\376\377\0005\000.\0003\0008\000.\0002\000\040\000M\000e\000m\000b\000e\000r\000\040\000F\000u\000n\000c\000t\000i\000o\000n\000\040\000D\000o\000c\000u\000m\000e\000n\000t\000a\000t\000i\000o\000n}{section.5.38}% 246
\BOOKMARK [3][-]{subsubsection.5.38.2.1}{\376\377\0005\000.\0003\0008\000.\0002\000.\0001\000\040\000c\000r\000e\000a\000t\000e\000\137\000p\000l\000a\000y\000e\000r\000\050\000\051}{subsection.5.38.2}% 247
\BOOKMARK [3][-]{subsubsection.5.38.2.2}{\376\377\0005\000.\0003\0008\000.\0002\000.\0002\000\040\000d\000i\000s\000p\000l\000a\000y\000\137\000u\000l\000t\000i\000m\000a\000t\000e\000\137\000b\000o\000a\000r\000d\000\050\000\051}{subsection.5.38.2}% 248
\BOOKMARK [3][-]{subsubsection.5.38.2.3}{\376\377\0005\000.\0003\0008\000.\0002\000.\0003\000\040\000g\000e\000t\000\137\000m\000o\000v\000e\000\050\000\051}{subsection.5.38.2}% 249
\BOOKMARK [1][-]{section.5.39}{\376\377\0005\000.\0003\0009\000\040\000W\000o\000r\000d\000T\000i\000c\000T\000a\000c\000T\000o\000e\000\137\000A\000I\000P\000l\000a\000y\000e\000r\000\040\000C\000l\000a\000s\000s\000\040\000R\000e\000f\000e\000r\000e\000n\000c\000e}{chapter.5}% 250
\BOOKMARK [1][-]{section.5.40}{\376\377\0005\000.\0004\0000\000\040\000W\000o\000r\000d\000T\000i\000c\000T\000a\000c\000T\000o\000e\000\137\000b\000o\000a\000r\000d\000\040\000C\000l\000a\000s\000s\000\040\000R\000e\000f\000e\000r\000e\000n\000c\000e}{chapter.5}% 251
\BOOKMARK [2][-]{subsection.5.40.1}{\376\377\0005\000.\0004\0000\000.\0001\000\040\000C\000o\000n\000s\000t\000r\000u\000c\000t\000o\000r\000\040\000\046\000\040\000D\000e\000s\000t\000r\000u\000c\000t\000o\000r\000\040\000D\000o\000c\000u\000m\000e\000n\000t\000a\000t\000i\000o\000n}{section.5.40}% 252
\BOOKMARK [3][-]{subsubsection.5.40.1.1}{\376\377\0005\000.\0004\0000\000.\0001\000.\0001\000\040\000W\000o\000r\000d\000T\000i\000c\000T\000a\000c\000T\000o\000e\000\137\000b\000o\000a\000r\000d\000\050\000\051}{subsection.5.40.1}% 253
\BOOKMARK [3][-]{subsubsection.5.40.1.2}{\376\377\0005\000.\0004\0000\000.\0001\000.\0002\000\040\000~\000W\000o\000r\000d\000T\000i\000c\000T\000a\000c\000T\000o\000e\000\137\000b\000o\000a\000r\000d\000\050\000\051}{subsection.5.40.1}% 254
\BOOKMARK [2][-]{subsection.5.40.2}{\376\377\0005\000.\0004\0000\000.\0002\000\040\000M\000e\000m\000b\000e\000r\000\040\000F\000u\000n\000c\000t\000i\000o\000n\000\040\000D\000o\000c\000u\000m\000e\000n\000t\000a\000t\000i\000o\000n}{section.5.40}% 255
\BOOKMARK [3][-]{subsubsection.5.40.2.1}{\376\377\0005\000.\0004\0000\000.\0002\000.\0001\000\040\000d\000e\000s\000p\000l\000a\000y\000\137\000w\000i\000n\000n\000e\000r\000\050\000\051}{subsection.5.40.2}% 256
\BOOKMARK [3][-]{subsubsection.5.40.2.2}{\376\377\0005\000.\0004\0000\000.\0002\000.\0002\000\040\000d\000i\000s\000p\000l\000a\000y\000\137\000d\000r\000a\000w\000\050\000\051}{subsection.5.40.2}% 257
\BOOKMARK [3][-]{subsubsection.5.40.2.3}{\376\377\0005\000.\0004\0000\000.\0002\000.\0003\000\040\000g\000a\000m\000e\000\137\000i\000s\000\137\000o\000v\000e\000r\000\050\000\051}{subsection.5.40.2}% 258
\BOOKMARK [3][-]{subsubsection.5.40.2.4}{\376\377\0005\000.\0004\0000\000.\0002\000.\0004\000\040\000i\000s\000\137\000d\000r\000a\000w\000\050\000\051}{subsection.5.40.2}% 259
\BOOKMARK [3][-]{subsubsection.5.40.2.5}{\376\377\0005\000.\0004\0000\000.\0002\000.\0005\000\040\000i\000s\000\137\000l\000o\000s\000e\000\050\000\051}{subsection.5.40.2}% 260
\BOOKMARK [3][-]{subsubsection.5.40.2.6}{\376\377\0005\000.\0004\0000\000.\0002\000.\0006\000\040\000i\000s\000\137\000w\000i\000n\000\050\000\051}{subsection.5.40.2}% 261
\BOOKMARK [3][-]{subsubsection.5.40.2.7}{\376\377\0005\000.\0004\0000\000.\0002\000.\0007\000\040\000u\000p\000d\000a\000t\000e\000\137\000b\000o\000a\000r\000d\000\050\000\051}{subsection.5.40.2}% 262
\BOOKMARK [1][-]{section.5.41}{\376\377\0005\000.\0004\0001\000\040\000W\000o\000r\000d\000T\000i\000c\000T\000a\000c\000T\000o\000e\000\137\000U\000I\000\040\000C\000l\000a\000s\000s\000\040\000R\000e\000f\000e\000r\000e\000n\000c\000e}{chapter.5}% 263
\BOOKMARK [2][-]{subsection.5.41.1}{\376\377\0005\000.\0004\0001\000.\0001\000\040\000C\000o\000n\000s\000t\000r\000u\000c\000t\000o\000r\000\040\000\046\000\040\000D\000e\000s\000t\000r\000u\000c\000t\000o\000r\000\040\000D\000o\000c\000u\000m\000e\000n\000t\000a\000t\000i\000o\000n}{section.5.41}% 264
\BOOKMARK [3][-]{subsubsection.5.41.1.1}{\376\377\0005\000.\0004\0001\000.\0001\000.\0001\000\040\000W\000o\000r\000d\000T\000i\000c\000T\000a\000c\000T\000o\000e\000\137\000U\000I\000\050\000\051}{subsection.5.41.1}% 265
\BOOKMARK [3][-]{subsubsection.5.41.1.2}{\376\377\0005\000.\0004\0001\000.\0001\000.\0002\000\040\000~\000W\000o\000r\000d\000T\000i\000c\000T\000a\000c\000T\000o\000e\000\137\000U\000I\000\050\000\051}{subsection.5.41.1}% 266
\BOOKMARK [2][-]{subsection.5.41.2}{\376\377\0005\000.\0004\0001\000.\0002\000\040\000M\000e\000m\000b\000e\000r\000\040\000F\000u\000n\000c\000t\000i\000o\000n\000\040\000D\000o\000c\000u\000m\000e\000n\000t\000a\000t\000i\000o\000n}{section.5.41}% 267
\BOOKMARK [3][-]{subsubsection.5.41.2.1}{\376\377\0005\000.\0004\0001\000.\0002\000.\0001\000\040\000c\000r\000e\000a\000t\000e\000\137\000p\000l\000a\000y\000e\000r\000\050\000\051}{subsection.5.41.2}% 268
\BOOKMARK [3][-]{subsubsection.5.41.2.2}{\376\377\0005\000.\0004\0001\000.\0002\000.\0002\000\040\000g\000e\000t\000\137\000m\000o\000v\000e\000\050\000\051}{subsection.5.41.2}% 269
\BOOKMARK [3][-]{subsubsection.5.41.2.3}{\376\377\0005\000.\0004\0001\000.\0002\000.\0003\000\040\000s\000e\000t\000u\000p\000\137\000p\000l\000a\000y\000e\000r\000s\000\050\000\051}{subsection.5.41.2}% 270
\BOOKMARK [1][-]{section.5.42}{\376\377\0005\000.\0004\0002\000\040\000X\000\137\000O\000\137\000B\000o\000a\000r\000d\000\040\000C\000l\000a\000s\000s\000\040\000R\000e\000f\000e\000r\000e\000n\000c\000e}{chapter.5}% 271
\BOOKMARK [2][-]{subsection.5.42.1}{\376\377\0005\000.\0004\0002\000.\0001\000\040\000D\000e\000t\000a\000i\000l\000e\000d\000\040\000D\000e\000s\000c\000r\000i\000p\000t\000i\000o\000n}{section.5.42}% 272
\BOOKMARK [2][-]{subsection.5.42.2}{\376\377\0005\000.\0004\0002\000.\0002\000\040\000M\000e\000m\000b\000e\000r\000\040\000F\000u\000n\000c\000t\000i\000o\000n\000\040\000D\000o\000c\000u\000m\000e\000n\000t\000a\000t\000i\000o\000n}{section.5.42}% 273
\BOOKMARK [3][-]{subsubsection.5.42.2.1}{\376\377\0005\000.\0004\0002\000.\0002\000.\0001\000\040\000g\000a\000m\000e\000\137\000i\000s\000\137\000o\000v\000e\000r\000\050\000\051}{subsection.5.42.2}% 274
\BOOKMARK [3][-]{subsubsection.5.42.2.2}{\376\377\0005\000.\0004\0002\000.\0002\000.\0002\000\040\000i\000s\000\137\000d\000r\000a\000w\000\050\000\051}{subsection.5.42.2}% 275
\BOOKMARK [3][-]{subsubsection.5.42.2.3}{\376\377\0005\000.\0004\0002\000.\0002\000.\0003\000\040\000i\000s\000\137\000l\000o\000s\000e\000\050\000\051}{subsection.5.42.2}% 276
\BOOKMARK [3][-]{subsubsection.5.42.2.4}{\376\377\0005\000.\0004\0002\000.\0002\000.\0004\000\040\000i\000s\000\137\000w\000i\000n\000\050\000\051}{subsection.5.42.2}% 277
\BOOKMARK [3][-]{subsubsection.5.42.2.5}{\376\377\0005\000.\0004\0002\000.\0002\000.\0005\000\040\000u\000p\000d\000a\000t\000e\000\137\000b\000o\000a\000r\000d\000\050\000\051}{subsection.5.42.2}% 278
\BOOKMARK [1][-]{section.5.43}{\376\377\0005\000.\0004\0003\000\040\000X\000O\000\137\000U\000I\000\040\000C\000l\000a\000s\000s\000\040\000R\000e\000f\000e\000r\000e\000n\000c\000e}{chapter.5}% 279
\BOOKMARK [2][-]{subsection.5.43.1}{\376\377\0005\000.\0004\0003\000.\0001\000\040\000D\000e\000t\000a\000i\000l\000e\000d\000\040\000D\000e\000s\000c\000r\000i\000p\000t\000i\000o\000n}{section.5.43}% 280
\BOOKMARK [2][-]{subsection.5.43.2}{\376\377\0005\000.\0004\0003\000.\0002\000\040\000C\000o\000n\000s\000t\000r\000u\000c\000t\000o\000r\000\040\000\046\000\040\000D\000e\000s\000t\000r\000u\000c\000t\000o\000r\000\040\000D\000o\000c\000u\000m\000e\000n\000t\000a\000t\000i\000o\000n}{section.5.43}% 281
\BOOKMARK [3][-]{subsubsection.5.43.2.1}{\376\377\0005\000.\0004\0003\000.\0002\000.\0001\000\040\000X\000O\000\137\000U\000I\000\050\000\051}{subsection.5.43.2}% 282
\BOOKMARK [2][-]{subsection.5.43.3}{\376\377\0005\000.\0004\0003\000.\0003\000\040\000M\000e\000m\000b\000e\000r\000\040\000F\000u\000n\000c\000t\000i\000o\000n\000\040\000D\000o\000c\000u\000m\000e\000n\000t\000a\000t\000i\000o\000n}{section.5.43}% 283
\BOOKMARK [3][-]{subsubsection.5.43.3.1}{\376\377\0005\000.\0004\0003\000.\0003\000.\0001\000\040\000c\000r\000e\000a\000t\000e\000\137\000p\000l\000a\000y\000e\000r\000\050\000\051}{subsection.5.43.3}% 284
\BOOKMARK [3][-]{subsubsection.5.43.3.2}{\376\377\0005\000.\0004\0003\000.\0003\000.\0002\000\040\000g\000e\000t\000\137\000m\000o\000v\000e\000\050\000\051}{subsection.5.43.3}% 285
\BOOKMARK [0][-]{chapter.6}{\376\377\0006\000\040\000F\000i\000l\000e\000\040\000D\000o\000c\000u\000m\000e\000n\000t\000a\000t\000i\000o\000n}{}% 286
\BOOKMARK [1][-]{section.6.1}{\376\377\0006\000.\0001\000\040\000D\000i\000a\000m\000o\000n\000d\000T\000i\000c\000T\000a\000c\000T\000o\000e\000\137\000C\000l\000a\000s\000s\000e\000s\000.\000h}{chapter.6}% 287
\BOOKMARK [1][-]{section.6.2}{\376\377\0006\000.\0002\000\040\000F\000o\000u\000r\000I\000n\000A\000R\000o\000w\000\137\000C\000l\000a\000s\000s\000e\000s\000.\000h}{chapter.6}% 288
\BOOKMARK [1][-]{section.6.3}{\376\377\0006\000.\0003\000\040\000I\000n\000f\000i\000n\000i\000t\000y\000T\000i\000c\000T\000a\000c\000T\000o\000e\000\137\000C\000l\000a\000s\000s\000e\000s\000.\000h}{chapter.6}% 289
\BOOKMARK [1][-]{section.6.4}{\376\377\0006\000.\0004\000\040\000m\000a\000z\000e\000.\000h}{chapter.6}% 290
\BOOKMARK [1][-]{section.6.5}{\376\377\0006\000.\0005\000\040\000M\000e\000m\000o\000r\000y\000T\000i\000c\000T\000a\000c\000T\000o\000e\000\137\000C\000l\000a\000s\000s\000e\000s\000.\000h}{chapter.6}% 291
\BOOKMARK [1][-]{section.6.6}{\376\377\0006\000.\0006\000\040\000M\000i\000s\000e\000r\000e\000T\000i\000c\000T\000a\000c\000T\000o\000e\000\137\000C\000l\000a\000s\000s\000e\000s\000.\000h}{chapter.6}% 292
\BOOKMARK [1][-]{section.6.7}{\376\377\0006\000.\0007\000\040\000N\000u\000m\000e\000r\000i\000c\000a\000l\000T\000i\000c\000T\000a\000c\000T\000o\000e\000\137\000C\000l\000a\000s\000s\000e\000s\000.\000h}{chapter.6}% 293
\BOOKMARK [1][-]{section.6.8}{\376\377\0006\000.\0008\000\040\000O\000b\000s\000t\000a\000c\000l\000e\000s\000T\000i\000c\000T\000a\000c\000T\000o\000e\000\137\000C\000l\000a\000s\000s\000e\000s\000.\000h}{chapter.6}% 294
\BOOKMARK [1][-]{section.6.9}{\376\377\0006\000.\0009\000\040\000P\000y\000r\000a\000m\000i\000d\000T\000i\000c\000T\000a\000c\000T\000o\000e\000\137\000C\000l\000a\000s\000s\000e\000s\000.\000h}{chapter.6}% 295
\BOOKMARK [1][-]{section.6.10}{\376\377\0006\000.\0001\0000\000\040\000s\000n\000a\000k\000e\000.\000h}{chapter.6}% 296
\BOOKMARK [1][-]{section.6.11}{\376\377\0006\000.\0001\0001\000\040\000s\000p\000a\000c\000e\000s\000h\000i\000p\000.\000h}{chapter.6}% 297
\BOOKMARK [1][-]{section.6.12}{\376\377\0006\000.\0001\0002\000\040\000S\000U\000S\000\137\000C\000l\000a\000s\000s\000e\000s\000.\000h}{chapter.6}% 298
\BOOKMARK [1][-]{section.6.13}{\376\377\0006\000.\0001\0003\000\040\000T\000i\000c\000T\000a\000c\000T\000o\000e\0004\000x\0004\000\137\000C\000l\000a\000s\000s\000e\000s\000.\000h}{chapter.6}% 299
\BOOKMARK [1][-]{section.6.14}{\376\377\0006\000.\0001\0004\000\040\000T\000i\000c\000T\000a\000c\000T\000o\000e\0005\000x\0005\000\137\000C\000l\000a\000s\000s\000e\000s\000.\000h}{chapter.6}% 300
\BOOKMARK [1][-]{section.6.15}{\376\377\0006\000.\0001\0005\000\040\000U\000l\000t\000i\000m\000a\000t\000e\000T\000i\000c\000T\000a\000c\000T\000o\000e\000\137\000C\000l\000a\000s\000s\000e\000s\000.\000h}{chapter.6}% 301
\BOOKMARK [1][-]{section.6.16}{\376\377\0006\000.\0001\0006\000\040\000B\000o\000a\000r\000d\000G\000a\000m\000e\000\137\000C\000l\000a\000s\000s\000e\000s\000.\000h}{chapter.6}% 302
\BOOKMARK [1][-]{section.6.17}{\376\377\0006\000.\0001\0007\000\040\000c\000o\000l\000o\000r\000s\000.\000h}{chapter.6}% 303
\BOOKMARK [1][-]{section.6.18}{\376\377\0006\000.\0001\0008\000\040\000G\000a\000m\000e\000L\000a\000u\000n\000c\000h\000e\000r\000s\000.\000h}{chapter.6}% 304
\BOOKMARK [1][-]{section.6.19}{\376\377\0006\000.\0001\0009\000\040\000M\000e\000n\000u\000.\000h}{chapter.6}% 305
\BOOKMARK [1][-]{section.6.20}{\376\377\0006\000.\0002\0000\000\040\000u\000t\000i\000l\000.\000h}{chapter.6}% 306
\BOOKMARK [1][-]{section.6.21}{\376\377\0006\000.\0002\0001\000\040\000W\000o\000r\000d\000T\000i\000c\000T\000a\000c\000T\000o\000e\000\137\000C\000l\000a\000s\000s\000e\000s\000.\000h}{chapter.6}% 307
\BOOKMARK [1][-]{section.6.22}{\376\377\0006\000.\0002\0002\000\040\000i\000n\000c\000l\000u\000d\000e\000/\000X\000O\000\137\000C\000l\000a\000s\000s\000e\000s\000.\000h\000\040\000F\000i\000l\000e\000\040\000R\000e\000f\000e\000r\000e\000n\000c\000e}{chapter.6}% 308
\BOOKMARK [2][-]{subsection.6.22.1}{\376\377\0006\000.\0002\0002\000.\0001\000\040\000D\000e\000t\000a\000i\000l\000e\000d\000\040\000D\000e\000s\000c\000r\000i\000p\000t\000i\000o\000n}{section.6.22}% 309
\BOOKMARK [1][-]{section.6.23}{\376\377\0006\000.\0002\0003\000\040\000X\000O\000\137\000C\000l\000a\000s\000s\000e\000s\000.\000h}{chapter.6}% 310
\BOOKMARK [1][-]{section.6.24}{\376\377\0006\000.\0002\0004\000\040\000s\000r\000c\000/\000a\000b\000d\000a\000l\000l\000a\000h\000/\000W\000o\000r\000d\000T\000i\000c\000T\000a\000c\000T\000o\000e\000\137\000C\000l\000a\000s\000s\000e\000s\000.\000c\000p\000p\000\040\000F\000i\000l\000e\000\040\000R\000e\000f\000e\000r\000e\000n\000c\000e}{chapter.6}% 311
\BOOKMARK [2][-]{subsection.6.24.1}{\376\377\0006\000.\0002\0004\000.\0001\000\040\000D\000e\000t\000a\000i\000l\000e\000d\000\040\000D\000e\000s\000c\000r\000i\000p\000t\000i\000o\000n}{section.6.24}% 312
\BOOKMARK [1][-]{section.6.25}{\376\377\0006\000.\0002\0005\000\040\000s\000r\000c\000/\000a\000m\000m\000e\000n\000/\000P\000y\000r\000a\000m\000i\000d\000T\000i\000c\000T\000a\000c\000T\000o\000e\000\137\000C\000l\000a\000s\000s\000e\000s\000.\000c\000p\000p\000\040\000F\000i\000l\000e\000\040\000R\000e\000f\000e\000r\000e\000n\000c\000e}{chapter.6}% 313
\BOOKMARK [2][-]{subsection.6.25.1}{\376\377\0006\000.\0002\0005\000.\0001\000\040\000D\000e\000t\000a\000i\000l\000e\000d\000\040\000D\000e\000s\000c\000r\000i\000p\000t\000i\000o\000n}{section.6.25}% 314
\BOOKMARK [2][-]{subsection.6.25.2}{\376\377\0006\000.\0002\0005\000.\0002\000\040\000F\000u\000n\000c\000t\000i\000o\000n\000\040\000D\000o\000c\000u\000m\000e\000n\000t\000a\000t\000i\000o\000n}{section.6.25}% 315
\BOOKMARK [3][-]{subsubsection.6.25.2.1}{\376\377\0006\000.\0002\0005\000.\0002\000.\0001\000\040\000i\000n\000i\000t\000P\000r\000i\000n\000t\000a\000b\000l\000e\000L\000o\000c\000a\000t\000i\000o\000n\000s\000\050\000\051}{subsection.6.25.2}% 316
\BOOKMARK [3][-]{subsubsection.6.25.2.2}{\376\377\0006\000.\0002\0005\000.\0002\000.\0002\000\040\000i\000s\000P\000r\000i\000n\000t\000a\000b\000l\000e\000\050\000\051}{subsection.6.25.2}% 317
\BOOKMARK [1][-]{section.6.26}{\376\377\0006\000.\0002\0006\000\040\000s\000r\000c\000/\000a\000m\000m\000e\000n\000/\000U\000l\000t\000i\000m\000a\000t\000e\000T\000i\000c\000T\000a\000c\000T\000o\000e\000\137\000C\000l\000a\000s\000s\000e\000s\000.\000c\000p\000p\000\040\000F\000i\000l\000e\000\040\000R\000e\000f\000e\000r\000e\000n\000c\000e}{chapter.6}% 318
\BOOKMARK [2][-]{subsection.6.26.1}{\376\377\0006\000.\0002\0006\000.\0001\000\040\000D\000e\000t\000a\000i\000l\000e\000d\000\040\000D\000e\000s\000c\000r\000i\000p\000t\000i\000o\000n}{section.6.26}% 319
